  --- Logical volume ---
  LV Path                /dev/centos/root
  LV Name                root
  VG Name                centos
  LV UUID                vyS2Ay-fBMN-Bhy6-kJyz-3L7d-6MFw-H2MsDD
  LV Write Access        read/write
  LV Creation host, time localhost.localdomain, 2016-09-29 20:28:20 -0400
  LV Status              available
  # open                 1
  LV Size                47.46 GiB
  Current LE             12151
  Segments               1
  Allocation             inherit
  Read ahead sectors     auto
  - currently set to     8192
  Block device           253:0
   
  --- Logical volume ---
  LV Path                /dev/centos/swap
  LV Name                swap
  VG Name                centos
  LV UUID                ocetWc-LYzD-GfW4-v5De-U9DQ-STnO-aN44SZ
  LV Write Access        read/write
  LV Creation host, time localhost.localdomain, 2016-09-29 20:28:21 -0400
  LV Status              available
  # open                 2
  LV Size                2.00 GiB
  Current LE             512
  Segments               1
  Allocation             inherit
  Read ahead sectors     auto
  - currently set to     8192
  Block device           253:1
   
