  --- Logical volume ---
  LV Path                /dev/centos/root
  LV Name                root
  VG Name                centos
  LV UUID                OhQY2Q-0Cu7-jGjN-8f8t-dTEj-KHM0-Z06UJg
  LV Write Access        read/write
  LV Creation host, time localhost.localdomain, 2016-09-30 23:45:59 -0400
  LV Status              available
  # open                 1
  LV Size                37.46 GiB
  Current LE             9591
  Segments               1
  Allocation             inherit
  Read ahead sectors     auto
  - currently set to     8192
  Block device           253:0
   
  --- Logical volume ---
  LV Path                /dev/centos/swap
  LV Name                swap
  VG Name                centos
  LV UUID                852Xon-NjaS-ObGX-Kxmn-76tk-YR8y-qzN3Hf
  LV Write Access        read/write
  LV Creation host, time localhost.localdomain, 2016-09-30 23:46:00 -0400
  LV Status              available
  # open                 2
  LV Size                2.00 GiB
  Current LE             512
  Segments               1
  Allocation             inherit
  Read ahead sectors     auto
  - currently set to     8192
  Block device           253:1
   
