  --- Logical volume ---
  LV Path                /dev/centos/swap
  LV Name                swap
  VG Name                centos
  LV UUID                V0XlEu-7yZf-azk1-WGqW-nK0I-P6Jl-U5sd9Y
  LV Write Access        read/write
  LV Creation host, time localhost.localdomain, 2016-09-29 20:05:50 -0400
  LV Status              available
  # open                 2
  LV Size                2.20 GiB
  Current LE             562
  Segments               3
  Allocation             inherit
  Read ahead sectors     auto
  - currently set to     8192
  Block device           253:1
   
  --- Logical volume ---
  LV Path                /dev/centos/root
  LV Name                root
  VG Name                centos
  LV UUID                gaaE7Q-cG6O-9fJO-xshA-Tecg-b5DD-9GUiUa
  LV Write Access        read/write
  LV Creation host, time localhost.localdomain, 2016-09-29 20:05:50 -0400
  LV Status              available
  # open                 1
  LV Size                47.96 GiB
  Current LE             12279
  Segments               2
  Allocation             inherit
  Read ahead sectors     auto
  - currently set to     8192
  Block device           253:0
   
